// Jest Snapshot v1, https://goo.gl/fbAQLP

exports[`app/Apps/shared-components/LineChart LineChart page snapshot 1`] = `
<div
  className=""
>
  <div
    className="makeStyles-chart-1"
    id="chart"
  />
  <div
    className="makeStyles-rangeFilter-2"
    id="rangeFilter"
  />
</div>
`;
