// Jest Snapshot v1, https://goo.gl/fbAQLP

exports[`Card snapshot 1`] = `
<ForwardRef(Card)
  className="makeStyles-card-1"
>
  <ForwardRef(CardContent)
    className="makeStyles-contentClass-3"
  >
    TEST
  </ForwardRef(CardContent)>
</ForwardRef(Card)>
`;
