// Jest Snapshot v1, https://goo.gl/fbAQLP

exports[`app/Apps/shared-components/LoadingScreen LoadingScreen page snapshot 1`] = `
<div
  className="makeStyles-screen-5"
>
  <div
    className="makeStyles-center-6"
  >
    <div
      className="makeStyles-logo-7"
    >
      <svg
        alt="logo"
        viewBox="0 0 49.17 54.98"
        width="128"
        xmlns="http://www.w3.org/2000/svg"
      >
        <title>
          Logo_Skycell_picto
        </title>
        <rect
          className="makeStyles-white-16"
          height="54.98"
          width="49.17"
        />
        <path
          className="makeStyles-blue-17"
          d="M40.43,22.39V17.66L24.3,8.73l-16.1,9,0,19.6L24.31,46.2l16.1-9V22.39ZM32.64,32.53l-8.33,4.63L16,32.54V22.4l8.33-4.63,8.36,4.62Z"
          transform="translate(0.09 0.25)"
        />
        <polygon
          className="makeStyles-red-18"
          points="32.72 32.78 42.91 32.79 42.91 22.63 32.75 22.64 32.72 32.78"
        />
        <polygon
          className="makeStyles-white-16"
          points="41.46 28.95 41.45 26.47 39.07 26.47 39.07 24.09 36.59 24.09 36.59 26.47 34.2 26.47 34.2 28.95 36.59 28.95 36.59 31.34 39.07 31.34 39.07 28.95 41.46 28.95"
        />
      </svg>
    </div>
    <div
      className="makeStyles-spinnerWrapper-8"
    >
      <div
        className="makeStyles-spinner-9"
      >
        <div
          className="makeStyles-inner-10"
        >
          <div
            className="makeStyles-gap-11"
          />
          <div
            className="makeStyles-left-12"
          >
            <div
              className="makeStyles-halfCircleLeft-14"
            />
          </div>
          <div
            className="makeStyles-right-13"
          >
            <div
              className="makeStyles-halfCircleRight-15"
            />
          </div>
        </div>
      </div>
    </div>
  </div>
</div>
`;
